// Jest Snapshot v1, https://goo.gl/fbAQLP

exports[`first Should render two  1`] = `
<div
  className="container small"
>
  <label
    className="switch"
    htmlFor="checkbox"
    title="Change color scheme to dark mode"
  >
    <input
      checked={false}
      id="checkbox"
      onChange={[MockFunction]}
      type="checkbox"
    />
    <div
      className="slider round"
    >
       
    </div>
    <div
      className="hide"
    >
      🌙
    </div>
    <div
      className="togglesun"
    >
      ☀️
    </div>
  </label>
</div>
`;
